2025/08/12 19:46:54 [error] [exception.CDbException] CDbException: CDbConnection failed to open the DB connection: SQLSTATE[HY000] [2002] No such file or directory in /Users/admin/git/Gaudium/Others/Testes/YII-framework/framework/db/CDbConnection.php:399
Stack trace:
#0 /Users/admin/git/Gaudium/Others/Testes/YII-framework/framework/db/CDbConnection.php(347): CDbConnection->open()
#1 /Users/admin/git/Gaudium/Others/Testes/YII-framework/framework/db/CDbConnection.php(325): CDbConnection->setActive(true)
#2 /Users/admin/git/Gaudium/Others/Testes/YII-framework/framework/base/CModule.php(394): CDbConnection->init()
#3 /Users/admin/git/Gaudium/Others/Testes/YII-framework/framework/cli/commands/MigrateCommand.php(472): CModule->getComponent('db')
#4 /Users/admin/git/Gaudium/Others/Testes/YII-framework/framework/cli/commands/MigrateCommand.php(481): MigrateCommand->getDbConnection()
#5 /Users/admin/git/Gaudium/Others/Testes/YII-framework/framework/cli/commands/MigrateCommand.php(512): MigrateCommand->getMigrationHistory(-1)
#6 /Users/admin/git/Gaudium/Others/Testes/YII-framework/framework/cli/commands/MigrateCommand.php(84): MigrateCommand->getNewMigrations()
#7 [internal function]: MigrateCommand->actionUp(Array)
#8 /Users/admin/git/Gaudium/Others/Testes/YII-framework/framework/console/CConsoleCommand.php(178): ReflectionMethod->invokeArgs(Object(MigrateCommand), Array)
#9 /Users/admin/git/Gaudium/Others/Testes/YII-framework/framework/console/CConsoleCommandRunner.php(71): CConsoleCommand->run(Array)
#10 /Users/admin/git/Gaudium/Others/Testes/YII-framework/framework/console/CConsoleApplication.php(92): CConsoleCommandRunner->run(Array)
#11 /Users/admin/git/Gaudium/Others/Testes/YII-framework/framework/base/CApplication.php(185): CConsoleApplication->processRequest()
#12 /Users/admin/git/Gaudium/Others/Testes/YII-framework/framework/yiic.php(33): CApplication->run()
#13 /Users/admin/git/Gaudium/Others/Testes/Vue-3_Yii-1.1.18/backend/protected/yiic.php(7): require_once('/Users/admin/gi...')
#14 /Users/admin/git/Gaudium/Others/Testes/Vue-3_Yii-1.1.18/backend/protected/yiic(4): require_once('/Users/admin/gi...')
#15 {main}
---
2025/08/12 19:47:07 [error] [exception.CDbException] CDbException: CDbConnection failed to open the DB connection: SQLSTATE[HY000] [2002] No such file or directory in /Users/admin/git/Gaudium/Others/Testes/YII-framework/framework/db/CDbConnection.php:399
Stack trace:
#0 /Users/admin/git/Gaudium/Others/Testes/YII-framework/framework/db/CDbConnection.php(347): CDbConnection->open()
#1 /Users/admin/git/Gaudium/Others/Testes/YII-framework/framework/db/CDbConnection.php(325): CDbConnection->setActive(true)
#2 /Users/admin/git/Gaudium/Others/Testes/YII-framework/framework/base/CModule.php(394): CDbConnection->init()
#3 /Users/admin/git/Gaudium/Others/Testes/YII-framework/framework/cli/commands/MigrateCommand.php(472): CModule->getComponent('db')
#4 /Users/admin/git/Gaudium/Others/Testes/YII-framework/framework/cli/commands/MigrateCommand.php(481): MigrateCommand->getDbConnection()
#5 /Users/admin/git/Gaudium/Others/Testes/YII-framework/framework/cli/commands/MigrateCommand.php(512): MigrateCommand->getMigrationHistory(-1)
#6 /Users/admin/git/Gaudium/Others/Testes/YII-framework/framework/cli/commands/MigrateCommand.php(84): MigrateCommand->getNewMigrations()
#7 [internal function]: MigrateCommand->actionUp(Array)
#8 /Users/admin/git/Gaudium/Others/Testes/YII-framework/framework/console/CConsoleCommand.php(178): ReflectionMethod->invokeArgs(Object(MigrateCommand), Array)
#9 /Users/admin/git/Gaudium/Others/Testes/YII-framework/framework/console/CConsoleCommandRunner.php(71): CConsoleCommand->run(Array)
#10 /Users/admin/git/Gaudium/Others/Testes/YII-framework/framework/console/CConsoleApplication.php(92): CConsoleCommandRunner->run(Array)
#11 /Users/admin/git/Gaudium/Others/Testes/YII-framework/framework/base/CApplication.php(185): CConsoleApplication->processRequest()
#12 /Users/admin/git/Gaudium/Others/Testes/YII-framework/framework/yiic.php(33): CApplication->run()
#13 /Users/admin/git/Gaudium/Others/Testes/Vue-3_Yii-1.1.18/backend/protected/yiic.php(7): require_once('/Users/admin/gi...')
#14 /Users/admin/git/Gaudium/Others/Testes/Vue-3_Yii-1.1.18/backend/protected/yiic(4): require_once('/Users/admin/gi...')
#15 {main}
---
2025/08/12 19:50:10 [error] [exception.CDbException] CDbException: CDbConnection failed to open the DB connection: SQLSTATE[HY000] [2002] Operation timed out in /Users/admin/git/Gaudium/Others/Testes/YII-framework/framework/db/CDbConnection.php:399
Stack trace:
#0 /Users/admin/git/Gaudium/Others/Testes/YII-framework/framework/db/CDbConnection.php(347): CDbConnection->open()
#1 /Users/admin/git/Gaudium/Others/Testes/YII-framework/framework/db/CDbConnection.php(325): CDbConnection->setActive(true)
#2 /Users/admin/git/Gaudium/Others/Testes/YII-framework/framework/base/CModule.php(394): CDbConnection->init()
#3 /Users/admin/git/Gaudium/Others/Testes/YII-framework/framework/cli/commands/MigrateCommand.php(472): CModule->getComponent('db')
#4 /Users/admin/git/Gaudium/Others/Testes/YII-framework/framework/cli/commands/MigrateCommand.php(481): MigrateCommand->getDbConnection()
#5 /Users/admin/git/Gaudium/Others/Testes/YII-framework/framework/cli/commands/MigrateCommand.php(512): MigrateCommand->getMigrationHistory(-1)
#6 /Users/admin/git/Gaudium/Others/Testes/YII-framework/framework/cli/commands/MigrateCommand.php(84): MigrateCommand->getNewMigrations()
#7 [internal function]: MigrateCommand->actionUp(Array)
#8 /Users/admin/git/Gaudium/Others/Testes/YII-framework/framework/console/CConsoleCommand.php(178): ReflectionMethod->invokeArgs(Object(MigrateCommand), Array)
#9 /Users/admin/git/Gaudium/Others/Testes/YII-framework/framework/console/CConsoleCommandRunner.php(71): CConsoleCommand->run(Array)
#10 /Users/admin/git/Gaudium/Others/Testes/YII-framework/framework/console/CConsoleApplication.php(92): CConsoleCommandRunner->run(Array)
#11 /Users/admin/git/Gaudium/Others/Testes/YII-framework/framework/base/CApplication.php(185): CConsoleApplication->processRequest()
#12 /Users/admin/git/Gaudium/Others/Testes/YII-framework/framework/yiic.php(33): CApplication->run()
#13 /Users/admin/git/Gaudium/Others/Testes/Vue-3_Yii-1.1.18/backend/protected/yiic.php(7): require_once('/Users/admin/gi...')
#14 /Users/admin/git/Gaudium/Others/Testes/Vue-3_Yii-1.1.18/backend/protected/yiic(4): require_once('/Users/admin/gi...')
#15 {main}
---
2025/08/12 19:50:35 [error] [exception.CDbException] CDbException: CDbConnection failed to open the DB connection: SQLSTATE[HY000] [2002] Operation timed out in /Users/admin/git/Gaudium/Others/Testes/YII-framework/framework/db/CDbConnection.php:399
Stack trace:
#0 /Users/admin/git/Gaudium/Others/Testes/YII-framework/framework/db/CDbConnection.php(347): CDbConnection->open()
#1 /Users/admin/git/Gaudium/Others/Testes/YII-framework/framework/db/CDbConnection.php(325): CDbConnection->setActive(true)
#2 /Users/admin/git/Gaudium/Others/Testes/YII-framework/framework/base/CModule.php(394): CDbConnection->init()
#3 /Users/admin/git/Gaudium/Others/Testes/YII-framework/framework/cli/commands/MigrateCommand.php(472): CModule->getComponent('db')
#4 /Users/admin/git/Gaudium/Others/Testes/YII-framework/framework/cli/commands/MigrateCommand.php(481): MigrateCommand->getDbConnection()
#5 /Users/admin/git/Gaudium/Others/Testes/YII-framework/framework/cli/commands/MigrateCommand.php(512): MigrateCommand->getMigrationHistory(-1)
#6 /Users/admin/git/Gaudium/Others/Testes/YII-framework/framework/cli/commands/MigrateCommand.php(84): MigrateCommand->getNewMigrations()
#7 [internal function]: MigrateCommand->actionUp(Array)
#8 /Users/admin/git/Gaudium/Others/Testes/YII-framework/framework/console/CConsoleCommand.php(178): ReflectionMethod->invokeArgs(Object(MigrateCommand), Array)
#9 /Users/admin/git/Gaudium/Others/Testes/YII-framework/framework/console/CConsoleCommandRunner.php(71): CConsoleCommand->run(Array)
#10 /Users/admin/git/Gaudium/Others/Testes/YII-framework/framework/console/CConsoleApplication.php(92): CConsoleCommandRunner->run(Array)
#11 /Users/admin/git/Gaudium/Others/Testes/YII-framework/framework/base/CApplication.php(185): CConsoleApplication->processRequest()
#12 /Users/admin/git/Gaudium/Others/Testes/YII-framework/framework/yiic.php(33): CApplication->run()
#13 /Users/admin/git/Gaudium/Others/Testes/Vue-3_Yii-1.1.18/backend/protected/yiic.php(7): require_once('/Users/admin/gi...')
#14 /Users/admin/git/Gaudium/Others/Testes/Vue-3_Yii-1.1.18/backend/protected/yiic(4): require_once('/Users/admin/gi...')
#15 {main}
---
2025/08/12 19:51:16 [error] [exception.CDbException] CDbException: CDbConnection failed to open the DB connection: SQLSTATE[HY000] [2002] Operation timed out in /Users/admin/git/Gaudium/Others/Testes/YII-framework/framework/db/CDbConnection.php:399
Stack trace:
#0 /Users/admin/git/Gaudium/Others/Testes/YII-framework/framework/db/CDbConnection.php(347): CDbConnection->open()
#1 /Users/admin/git/Gaudium/Others/Testes/YII-framework/framework/db/CDbConnection.php(325): CDbConnection->setActive(true)
#2 /Users/admin/git/Gaudium/Others/Testes/YII-framework/framework/base/CModule.php(394): CDbConnection->init()
#3 /Users/admin/git/Gaudium/Others/Testes/YII-framework/framework/cli/commands/MigrateCommand.php(472): CModule->getComponent('db')
#4 /Users/admin/git/Gaudium/Others/Testes/YII-framework/framework/cli/commands/MigrateCommand.php(481): MigrateCommand->getDbConnection()
#5 /Users/admin/git/Gaudium/Others/Testes/YII-framework/framework/cli/commands/MigrateCommand.php(512): MigrateCommand->getMigrationHistory(-1)
#6 /Users/admin/git/Gaudium/Others/Testes/YII-framework/framework/cli/commands/MigrateCommand.php(84): MigrateCommand->getNewMigrations()
#7 [internal function]: MigrateCommand->actionUp(Array)
#8 /Users/admin/git/Gaudium/Others/Testes/YII-framework/framework/console/CConsoleCommand.php(178): ReflectionMethod->invokeArgs(Object(MigrateCommand), Array)
#9 /Users/admin/git/Gaudium/Others/Testes/YII-framework/framework/console/CConsoleCommandRunner.php(71): CConsoleCommand->run(Array)
#10 /Users/admin/git/Gaudium/Others/Testes/YII-framework/framework/console/CConsoleApplication.php(92): CConsoleCommandRunner->run(Array)
#11 /Users/admin/git/Gaudium/Others/Testes/YII-framework/framework/base/CApplication.php(185): CConsoleApplication->processRequest()
#12 /Users/admin/git/Gaudium/Others/Testes/YII-framework/framework/yiic.php(33): CApplication->run()
#13 /Users/admin/git/Gaudium/Others/Testes/Vue-3_Yii-1.1.18/backend/protected/yiic.php(7): require_once('/Users/admin/gi...')
#14 /Users/admin/git/Gaudium/Others/Testes/Vue-3_Yii-1.1.18/backend/protected/yiic(4): require_once('/Users/admin/gi...')
#15 {main}
---
2025/08/12 19:51:28 [error] [system.db.CDbCommand] CDbCommand::fetchAll() failed: SQLSTATE[42S02]: Base table or view not found: 1146 Table 'vue3_yii1.1.28.tbl_migration' doesn't exist. The SQL statement executed was: SHOW FULL COLUMNS FROM `tbl_migration`.
2025/08/12 20:51:09 [warning] [application] Failed to set unsafe attribute "data_hora_status" of "Passageiro".
in /Users/admin/git/Gaudium/Others/Testes/Vue-3_Yii-1.1.18/backend/protected/controllers/PassageiroController.php (60)
in /Users/admin/git/Gaudium/Others/Testes/Vue-3_Yii-1.1.18/backend/index.php (13)
2025/08/12 20:51:09 [error] [system.db.CDbCommand] CDbCommand::execute() failed: SQLSTATE[HY000]: General error: 1364 Field 'data_hora_status' doesn't have a default value. The SQL statement executed was: INSERT INTO `passageiro` (`status`, `nome`, `nascimento`, `email`, `telefone`, `obs`) VALUES (:yp0, :yp1, :yp2, :yp3, :yp4, :yp5).
in /Users/admin/git/Gaudium/Others/Testes/Vue-3_Yii-1.1.18/backend/protected/controllers/PassageiroController.php (61)
in /Users/admin/git/Gaudium/Others/Testes/Vue-3_Yii-1.1.18/backend/index.php (13)
2025/08/12 20:51:09 [error] [exception.CDbException] CDbException: CDbCommand failed to execute the SQL statement: SQLSTATE[HY000]: General error: 1364 Field 'data_hora_status' doesn't have a default value. The SQL statement executed was: INSERT INTO `passageiro` (`status`, `nome`, `nascimento`, `email`, `telefone`, `obs`) VALUES (:yp0, :yp1, :yp2, :yp3, :yp4, :yp5) in /Users/admin/git/Gaudium/Others/Testes/YII-framework/framework/db/CDbCommand.php:358
Stack trace:
#0 /Users/admin/git/Gaudium/Others/Testes/YII-framework/framework/db/ar/CActiveRecord.php(1083): CDbCommand->execute()
#1 /Users/admin/git/Gaudium/Others/Testes/YII-framework/framework/db/ar/CActiveRecord.php(811): CActiveRecord->insert(NULL)
#2 /Users/admin/git/Gaudium/Others/Testes/Vue-3_Yii-1.1.18/backend/protected/controllers/PassageiroController.php(61): CActiveRecord->save()
#3 /Users/admin/git/Gaudium/Others/Testes/YII-framework/framework/web/actions/CInlineAction.php(49): PassageiroController->actionCreate()
#4 /Users/admin/git/Gaudium/Others/Testes/YII-framework/framework/web/CController.php(308): CInlineAction->runWithParams(Array)
#5 /Users/admin/git/Gaudium/Others/Testes/YII-framework/framework/web/filters/CFilterChain.php(134): CController->runAction(Object(CInlineAction))
#6 /Users/admin/git/Gaudium/Others/Testes/YII-framework/framework/web/filters/CFilter.php(40): CFilterChain->run()
#7 /Users/admin/git/Gaudium/Others/Testes/YII-framework/framework/web/CController.php(1148): CFilter->filter(Object(CFilterChain))
#8 /Users/admin/git/Gaudium/Others/Testes/YII-framework/framework/web/filters/CInlineFilter.php(58): CController->filterAccessControl(Object(CFilterChain))
#9 /Users/admin/git/Gaudium/Others/Testes/YII-framework/framework/web/filters/CFilterChain.php(131): CInlineFilter->filter(Object(CFilterChain))
#10 /Users/admin/git/Gaudium/Others/Testes/YII-framework/framework/web/CController.php(291): CFilterChain->run()
#11 /Users/admin/git/Gaudium/Others/Testes/YII-framework/framework/web/CController.php(265): CController->runActionWithFilters(Object(CInlineAction), Array)
#12 /Users/admin/git/Gaudium/Others/Testes/YII-framework/framework/web/CWebApplication.php(282): CController->run('create')
#13 /Users/admin/git/Gaudium/Others/Testes/YII-framework/framework/web/CWebApplication.php(141): CWebApplication->runController('passageiro/crea...')
#14 /Users/admin/git/Gaudium/Others/Testes/YII-framework/framework/base/CApplication.php(185): CWebApplication->processRequest()
#15 /Users/admin/git/Gaudium/Others/Testes/Vue-3_Yii-1.1.18/backend/index.php(13): CApplication->run()
#16 {main}
REQUEST_URI=/index.php?r=passageiro/create
HTTP_REFERER=http://localhost:8888/index.php?r=passageiro/create
---
2025/08/12 20:52:13 [warning] [application] Failed to set unsafe attribute "data_hora_status" of "Passageiro".
in /Users/admin/git/Gaudium/Others/Testes/Vue-3_Yii-1.1.18/backend/protected/controllers/PassageiroController.php (60)
in /Users/admin/git/Gaudium/Others/Testes/Vue-3_Yii-1.1.18/backend/index.php (13)
2025/08/12 20:52:13 [error] [system.db.CDbCommand] CDbCommand::execute() failed: SQLSTATE[HY000]: General error: 1364 Field 'data_hora_status' doesn't have a default value. The SQL statement executed was: INSERT INTO `passageiro` (`status`, `nome`, `nascimento`, `email`, `telefone`, `obs`) VALUES (:yp0, :yp1, :yp2, :yp3, :yp4, :yp5).
in /Users/admin/git/Gaudium/Others/Testes/Vue-3_Yii-1.1.18/backend/protected/controllers/PassageiroController.php (61)
in /Users/admin/git/Gaudium/Others/Testes/Vue-3_Yii-1.1.18/backend/index.php (13)
2025/08/12 20:52:13 [error] [exception.CDbException] CDbException: CDbCommand failed to execute the SQL statement: SQLSTATE[HY000]: General error: 1364 Field 'data_hora_status' doesn't have a default value. The SQL statement executed was: INSERT INTO `passageiro` (`status`, `nome`, `nascimento`, `email`, `telefone`, `obs`) VALUES (:yp0, :yp1, :yp2, :yp3, :yp4, :yp5) in /Users/admin/git/Gaudium/Others/Testes/YII-framework/framework/db/CDbCommand.php:358
Stack trace:
#0 /Users/admin/git/Gaudium/Others/Testes/YII-framework/framework/db/ar/CActiveRecord.php(1083): CDbCommand->execute()
#1 /Users/admin/git/Gaudium/Others/Testes/YII-framework/framework/db/ar/CActiveRecord.php(811): CActiveRecord->insert(NULL)
#2 /Users/admin/git/Gaudium/Others/Testes/Vue-3_Yii-1.1.18/backend/protected/controllers/PassageiroController.php(61): CActiveRecord->save()
#3 /Users/admin/git/Gaudium/Others/Testes/YII-framework/framework/web/actions/CInlineAction.php(49): PassageiroController->actionCreate()
#4 /Users/admin/git/Gaudium/Others/Testes/YII-framework/framework/web/CController.php(308): CInlineAction->runWithParams(Array)
#5 /Users/admin/git/Gaudium/Others/Testes/YII-framework/framework/web/filters/CFilterChain.php(134): CController->runAction(Object(CInlineAction))
#6 /Users/admin/git/Gaudium/Others/Testes/YII-framework/framework/web/filters/CFilter.php(40): CFilterChain->run()
#7 /Users/admin/git/Gaudium/Others/Testes/YII-framework/framework/web/CController.php(1148): CFilter->filter(Object(CFilterChain))
#8 /Users/admin/git/Gaudium/Others/Testes/YII-framework/framework/web/filters/CInlineFilter.php(58): CController->filterAccessControl(Object(CFilterChain))
#9 /Users/admin/git/Gaudium/Others/Testes/YII-framework/framework/web/filters/CFilterChain.php(131): CInlineFilter->filter(Object(CFilterChain))
#10 /Users/admin/git/Gaudium/Others/Testes/YII-framework/framework/web/CController.php(291): CFilterChain->run()
#11 /Users/admin/git/Gaudium/Others/Testes/YII-framework/framework/web/CController.php(265): CController->runActionWithFilters(Object(CInlineAction), Array)
#12 /Users/admin/git/Gaudium/Others/Testes/YII-framework/framework/web/CWebApplication.php(282): CController->run('create')
#13 /Users/admin/git/Gaudium/Others/Testes/YII-framework/framework/web/CWebApplication.php(141): CWebApplication->runController('passageiro/crea...')
#14 /Users/admin/git/Gaudium/Others/Testes/YII-framework/framework/base/CApplication.php(185): CWebApplication->processRequest()
#15 /Users/admin/git/Gaudium/Others/Testes/Vue-3_Yii-1.1.18/backend/index.php(13): CApplication->run()
#16 {main}
REQUEST_URI=/index.php?r=passageiro/create
HTTP_REFERER=http://localhost:8888/index.php?r=passageiro/create
---
2025/08/12 20:54:09 [warning] [application] Failed to set unsafe attribute "data_hora_status" of "Passageiro".
in /Users/admin/git/Gaudium/Others/Testes/Vue-3_Yii-1.1.18/backend/protected/controllers/PassageiroController.php (60)
in /Users/admin/git/Gaudium/Others/Testes/Vue-3_Yii-1.1.18/backend/index.php (13)
2025/08/12 23:03:05 [error] [exception.CException] CException: Property "SiteController.navigationLinks" is not defined. in /Users/admin/git/Gaudium/Others/Testes/YII-framework/framework/base/CComponent.php:130
Stack trace:
#0 /Users/admin/git/Gaudium/Others/Testes/Vue-3_Yii-1.1.18/backend/protected/views/layouts/main.php(34): CComponent->__get('navigationLinks')
#1 /Users/admin/git/Gaudium/Others/Testes/YII-framework/framework/web/CBaseController.php(126): require('/Users/admin/gi...')
#2 /Users/admin/git/Gaudium/Others/Testes/YII-framework/framework/web/CBaseController.php(95): CBaseController->renderInternal('/Users/admin/gi...', Array, true)
#3 /Users/admin/git/Gaudium/Others/Testes/YII-framework/framework/web/widgets/CContentDecorator.php(76): CBaseController->renderFile('/Users/admin/gi...', Array, true)
#4 /Users/admin/git/Gaudium/Others/Testes/YII-framework/framework/web/widgets/CContentDecorator.php(54): CContentDecorator->decorate('<div id="conten...')
#5 /Users/admin/git/Gaudium/Others/Testes/YII-framework/framework/web/widgets/COutputProcessor.php(44): CContentDecorator->processOutput('<div id="conten...')
#6 /Users/admin/git/Gaudium/Others/Testes/YII-framework/framework/web/CBaseController.php(215): COutputProcessor->run()
#7 /Users/admin/git/Gaudium/Others/Testes/YII-framework/framework/web/CBaseController.php(309): CBaseController->endWidget('CContentDecorat...')
#8 /Users/admin/git/Gaudium/Others/Testes/Vue-3_Yii-1.1.18/backend/protected/views/layouts/column1.php(6): CBaseController->endContent()
#9 /Users/admin/git/Gaudium/Others/Testes/YII-framework/framework/web/CBaseController.php(126): require('/Users/admin/gi...')
#10 /Users/admin/git/Gaudium/Others/Testes/YII-framework/framework/web/CBaseController.php(95): CBaseController->renderInternal('/Users/admin/gi...', Array, true)
#11 /Users/admin/git/Gaudium/Others/Testes/YII-framework/framework/web/CController.php(787): CBaseController->renderFile('/Users/admin/gi...', Array, true)
#12 /Users/admin/git/Gaudium/Others/Testes/Vue-3_Yii-1.1.18/backend/protected/controllers/SiteController.php(32): CController->render('index')
#13 /Users/admin/git/Gaudium/Others/Testes/YII-framework/framework/web/actions/CInlineAction.php(49): SiteController->actionIndex()
#14 /Users/admin/git/Gaudium/Others/Testes/YII-framework/framework/web/CController.php(308): CInlineAction->runWithParams(Array)
#15 /Users/admin/git/Gaudium/Others/Testes/YII-framework/framework/web/CController.php(286): CController->runAction(Object(CInlineAction))
#16 /Users/admin/git/Gaudium/Others/Testes/YII-framework/framework/web/CController.php(265): CController->runActionWithFilters(Object(CInlineAction), Array)
#17 /Users/admin/git/Gaudium/Others/Testes/YII-framework/framework/web/CWebApplication.php(282): CController->run('index')
#18 /Users/admin/git/Gaudium/Others/Testes/YII-framework/framework/web/CWebApplication.php(141): CWebApplication->runController('site/index')
#19 /Users/admin/git/Gaudium/Others/Testes/YII-framework/framework/base/CApplication.php(185): CWebApplication->processRequest()
#20 /Users/admin/git/Gaudium/Others/Testes/Vue-3_Yii-1.1.18/backend/index.php(13): CApplication->run()
#21 {main}
REQUEST_URI=/index.php?r=site/index
HTTP_REFERER=http://localhost:8888/index.php?r=passageiro/admin
---
2025/08/12 23:04:06 [error] [exception.CException] CException: Property "SiteController.navigationLinks" is not defined. in /Users/admin/git/Gaudium/Others/Testes/YII-framework/framework/base/CComponent.php:130
Stack trace:
#0 /Users/admin/git/Gaudium/Others/Testes/Vue-3_Yii-1.1.18/backend/protected/views/layouts/main.php(38): CComponent->__get('navigationLinks')
#1 /Users/admin/git/Gaudium/Others/Testes/YII-framework/framework/web/CBaseController.php(126): require('/Users/admin/gi...')
#2 /Users/admin/git/Gaudium/Others/Testes/YII-framework/framework/web/CBaseController.php(95): CBaseController->renderInternal('/Users/admin/gi...', Array, true)
#3 /Users/admin/git/Gaudium/Others/Testes/YII-framework/framework/web/widgets/CContentDecorator.php(76): CBaseController->renderFile('/Users/admin/gi...', Array, true)
#4 /Users/admin/git/Gaudium/Others/Testes/YII-framework/framework/web/widgets/CContentDecorator.php(54): CContentDecorator->decorate('<div id="conten...')
#5 /Users/admin/git/Gaudium/Others/Testes/YII-framework/framework/web/widgets/COutputProcessor.php(44): CContentDecorator->processOutput('<div id="conten...')
#6 /Users/admin/git/Gaudium/Others/Testes/YII-framework/framework/web/CBaseController.php(215): COutputProcessor->run()
#7 /Users/admin/git/Gaudium/Others/Testes/YII-framework/framework/web/CBaseController.php(309): CBaseController->endWidget('CContentDecorat...')
#8 /Users/admin/git/Gaudium/Others/Testes/Vue-3_Yii-1.1.18/backend/protected/views/layouts/column1.php(6): CBaseController->endContent()
#9 /Users/admin/git/Gaudium/Others/Testes/YII-framework/framework/web/CBaseController.php(126): require('/Users/admin/gi...')
#10 /Users/admin/git/Gaudium/Others/Testes/YII-framework/framework/web/CBaseController.php(95): CBaseController->renderInternal('/Users/admin/gi...', Array, true)
#11 /Users/admin/git/Gaudium/Others/Testes/YII-framework/framework/web/CController.php(787): CBaseController->renderFile('/Users/admin/gi...', Array, true)
#12 /Users/admin/git/Gaudium/Others/Testes/Vue-3_Yii-1.1.18/backend/protected/controllers/SiteController.php(32): CController->render('index')
#13 /Users/admin/git/Gaudium/Others/Testes/YII-framework/framework/web/actions/CInlineAction.php(49): SiteController->actionIndex()
#14 /Users/admin/git/Gaudium/Others/Testes/YII-framework/framework/web/CController.php(308): CInlineAction->runWithParams(Array)
#15 /Users/admin/git/Gaudium/Others/Testes/YII-framework/framework/web/CController.php(286): CController->runAction(Object(CInlineAction))
#16 /Users/admin/git/Gaudium/Others/Testes/YII-framework/framework/web/CController.php(265): CController->runActionWithFilters(Object(CInlineAction), Array)
#17 /Users/admin/git/Gaudium/Others/Testes/YII-framework/framework/web/CWebApplication.php(282): CController->run('index')
#18 /Users/admin/git/Gaudium/Others/Testes/YII-framework/framework/web/CWebApplication.php(141): CWebApplication->runController('site/index')
#19 /Users/admin/git/Gaudium/Others/Testes/YII-framework/framework/base/CApplication.php(185): CWebApplication->processRequest()
#20 /Users/admin/git/Gaudium/Others/Testes/Vue-3_Yii-1.1.18/backend/index.php(13): CApplication->run()
#21 {main}
REQUEST_URI=/index.php?r=site/index
HTTP_REFERER=http://localhost:8888/index.php?r=passageiro/admin
---
2025/08/12 23:04:07 [error] [exception.CException] CException: Property "SiteController.navigationLinks" is not defined. in /Users/admin/git/Gaudium/Others/Testes/YII-framework/framework/base/CComponent.php:130
Stack trace:
#0 /Users/admin/git/Gaudium/Others/Testes/Vue-3_Yii-1.1.18/backend/protected/views/layouts/main.php(38): CComponent->__get('navigationLinks')
#1 /Users/admin/git/Gaudium/Others/Testes/YII-framework/framework/web/CBaseController.php(126): require('/Users/admin/gi...')
#2 /Users/admin/git/Gaudium/Others/Testes/YII-framework/framework/web/CBaseController.php(95): CBaseController->renderInternal('/Users/admin/gi...', Array, true)
#3 /Users/admin/git/Gaudium/Others/Testes/YII-framework/framework/web/widgets/CContentDecorator.php(76): CBaseController->renderFile('/Users/admin/gi...', Array, true)
#4 /Users/admin/git/Gaudium/Others/Testes/YII-framework/framework/web/widgets/CContentDecorator.php(54): CContentDecorator->decorate('<div id="conten...')
#5 /Users/admin/git/Gaudium/Others/Testes/YII-framework/framework/web/widgets/COutputProcessor.php(44): CContentDecorator->processOutput('<div id="conten...')
#6 /Users/admin/git/Gaudium/Others/Testes/YII-framework/framework/web/CBaseController.php(215): COutputProcessor->run()
#7 /Users/admin/git/Gaudium/Others/Testes/YII-framework/framework/web/CBaseController.php(309): CBaseController->endWidget('CContentDecorat...')
#8 /Users/admin/git/Gaudium/Others/Testes/Vue-3_Yii-1.1.18/backend/protected/views/layouts/column1.php(6): CBaseController->endContent()
#9 /Users/admin/git/Gaudium/Others/Testes/YII-framework/framework/web/CBaseController.php(126): require('/Users/admin/gi...')
#10 /Users/admin/git/Gaudium/Others/Testes/YII-framework/framework/web/CBaseController.php(95): CBaseController->renderInternal('/Users/admin/gi...', Array, true)
#11 /Users/admin/git/Gaudium/Others/Testes/YII-framework/framework/web/CController.php(787): CBaseController->renderFile('/Users/admin/gi...', Array, true)
#12 /Users/admin/git/Gaudium/Others/Testes/Vue-3_Yii-1.1.18/backend/protected/controllers/SiteController.php(32): CController->render('index')
#13 /Users/admin/git/Gaudium/Others/Testes/YII-framework/framework/web/actions/CInlineAction.php(49): SiteController->actionIndex()
#14 /Users/admin/git/Gaudium/Others/Testes/YII-framework/framework/web/CController.php(308): CInlineAction->runWithParams(Array)
#15 /Users/admin/git/Gaudium/Others/Testes/YII-framework/framework/web/CController.php(286): CController->runAction(Object(CInlineAction))
#16 /Users/admin/git/Gaudium/Others/Testes/YII-framework/framework/web/CController.php(265): CController->runActionWithFilters(Object(CInlineAction), Array)
#17 /Users/admin/git/Gaudium/Others/Testes/YII-framework/framework/web/CWebApplication.php(282): CController->run('index')
#18 /Users/admin/git/Gaudium/Others/Testes/YII-framework/framework/web/CWebApplication.php(141): CWebApplication->runController('site/index')
#19 /Users/admin/git/Gaudium/Others/Testes/YII-framework/framework/base/CApplication.php(185): CWebApplication->processRequest()
#20 /Users/admin/git/Gaudium/Others/Testes/Vue-3_Yii-1.1.18/backend/index.php(13): CApplication->run()
#21 {main}
REQUEST_URI=/index.php?r=site/index
HTTP_REFERER=http://localhost:8888/index.php?r=passageiro/admin
---
2025/08/12 23:04:07 [error] [exception.CException] CException: Property "SiteController.navigationLinks" is not defined. in /Users/admin/git/Gaudium/Others/Testes/YII-framework/framework/base/CComponent.php:130
Stack trace:
#0 /Users/admin/git/Gaudium/Others/Testes/Vue-3_Yii-1.1.18/backend/protected/views/layouts/main.php(38): CComponent->__get('navigationLinks')
#1 /Users/admin/git/Gaudium/Others/Testes/YII-framework/framework/web/CBaseController.php(126): require('/Users/admin/gi...')
#2 /Users/admin/git/Gaudium/Others/Testes/YII-framework/framework/web/CBaseController.php(95): CBaseController->renderInternal('/Users/admin/gi...', Array, true)
#3 /Users/admin/git/Gaudium/Others/Testes/YII-framework/framework/web/widgets/CContentDecorator.php(76): CBaseController->renderFile('/Users/admin/gi...', Array, true)
#4 /Users/admin/git/Gaudium/Others/Testes/YII-framework/framework/web/widgets/CContentDecorator.php(54): CContentDecorator->decorate('<div id="conten...')
#5 /Users/admin/git/Gaudium/Others/Testes/YII-framework/framework/web/widgets/COutputProcessor.php(44): CContentDecorator->processOutput('<div id="conten...')
#6 /Users/admin/git/Gaudium/Others/Testes/YII-framework/framework/web/CBaseController.php(215): COutputProcessor->run()
#7 /Users/admin/git/Gaudium/Others/Testes/YII-framework/framework/web/CBaseController.php(309): CBaseController->endWidget('CContentDecorat...')
#8 /Users/admin/git/Gaudium/Others/Testes/Vue-3_Yii-1.1.18/backend/protected/views/layouts/column1.php(6): CBaseController->endContent()
#9 /Users/admin/git/Gaudium/Others/Testes/YII-framework/framework/web/CBaseController.php(126): require('/Users/admin/gi...')
#10 /Users/admin/git/Gaudium/Others/Testes/YII-framework/framework/web/CBaseController.php(95): CBaseController->renderInternal('/Users/admin/gi...', Array, true)
#11 /Users/admin/git/Gaudium/Others/Testes/YII-framework/framework/web/CController.php(787): CBaseController->renderFile('/Users/admin/gi...', Array, true)
#12 /Users/admin/git/Gaudium/Others/Testes/Vue-3_Yii-1.1.18/backend/protected/controllers/SiteController.php(32): CController->render('index')
#13 /Users/admin/git/Gaudium/Others/Testes/YII-framework/framework/web/actions/CInlineAction.php(49): SiteController->actionIndex()
#14 /Users/admin/git/Gaudium/Others/Testes/YII-framework/framework/web/CController.php(308): CInlineAction->runWithParams(Array)
#15 /Users/admin/git/Gaudium/Others/Testes/YII-framework/framework/web/CController.php(286): CController->runAction(Object(CInlineAction))
#16 /Users/admin/git/Gaudium/Others/Testes/YII-framework/framework/web/CController.php(265): CController->runActionWithFilters(Object(CInlineAction), Array)
#17 /Users/admin/git/Gaudium/Others/Testes/YII-framework/framework/web/CWebApplication.php(282): CController->run('index')
#18 /Users/admin/git/Gaudium/Others/Testes/YII-framework/framework/web/CWebApplication.php(141): CWebApplication->runController('site/index')
#19 /Users/admin/git/Gaudium/Others/Testes/YII-framework/framework/base/CApplication.php(185): CWebApplication->processRequest()
#20 /Users/admin/git/Gaudium/Others/Testes/Vue-3_Yii-1.1.18/backend/index.php(13): CApplication->run()
#21 {main}
REQUEST_URI=/index.php?r=site/index
HTTP_REFERER=http://localhost:8888/index.php?r=passageiro/admin
---
2025/08/12 23:04:19 [error] [exception.CException] CException: Property "SiteController.navigationLinks" is not defined. in /Users/admin/git/Gaudium/Others/Testes/YII-framework/framework/base/CComponent.php:130
Stack trace:
#0 /Users/admin/git/Gaudium/Others/Testes/Vue-3_Yii-1.1.18/backend/protected/views/layouts/main.php(38): CComponent->__get('navigationLinks')
#1 /Users/admin/git/Gaudium/Others/Testes/YII-framework/framework/web/CBaseController.php(126): require('/Users/admin/gi...')
#2 /Users/admin/git/Gaudium/Others/Testes/YII-framework/framework/web/CBaseController.php(95): CBaseController->renderInternal('/Users/admin/gi...', Array, true)
#3 /Users/admin/git/Gaudium/Others/Testes/YII-framework/framework/web/widgets/CContentDecorator.php(76): CBaseController->renderFile('/Users/admin/gi...', Array, true)
#4 /Users/admin/git/Gaudium/Others/Testes/YII-framework/framework/web/widgets/CContentDecorator.php(54): CContentDecorator->decorate('<div id="conten...')
#5 /Users/admin/git/Gaudium/Others/Testes/YII-framework/framework/web/widgets/COutputProcessor.php(44): CContentDecorator->processOutput('<div id="conten...')
#6 /Users/admin/git/Gaudium/Others/Testes/YII-framework/framework/web/CBaseController.php(215): COutputProcessor->run()
#7 /Users/admin/git/Gaudium/Others/Testes/YII-framework/framework/web/CBaseController.php(309): CBaseController->endWidget('CContentDecorat...')
#8 /Users/admin/git/Gaudium/Others/Testes/Vue-3_Yii-1.1.18/backend/protected/views/layouts/column1.php(6): CBaseController->endContent()
#9 /Users/admin/git/Gaudium/Others/Testes/YII-framework/framework/web/CBaseController.php(126): require('/Users/admin/gi...')
#10 /Users/admin/git/Gaudium/Others/Testes/YII-framework/framework/web/CBaseController.php(95): CBaseController->renderInternal('/Users/admin/gi...', Array, true)
#11 /Users/admin/git/Gaudium/Others/Testes/YII-framework/framework/web/CController.php(787): CBaseController->renderFile('/Users/admin/gi...', Array, true)
#12 /Users/admin/git/Gaudium/Others/Testes/Vue-3_Yii-1.1.18/backend/protected/controllers/SiteController.php(32): CController->render('index')
#13 /Users/admin/git/Gaudium/Others/Testes/YII-framework/framework/web/actions/CInlineAction.php(49): SiteController->actionIndex()
#14 /Users/admin/git/Gaudium/Others/Testes/YII-framework/framework/web/CController.php(308): CInlineAction->runWithParams(Array)
#15 /Users/admin/git/Gaudium/Others/Testes/YII-framework/framework/web/CController.php(286): CController->runAction(Object(CInlineAction))
#16 /Users/admin/git/Gaudium/Others/Testes/YII-framework/framework/web/CController.php(265): CController->runActionWithFilters(Object(CInlineAction), Array)
#17 /Users/admin/git/Gaudium/Others/Testes/YII-framework/framework/web/CWebApplication.php(282): CController->run('index')
#18 /Users/admin/git/Gaudium/Others/Testes/YII-framework/framework/web/CWebApplication.php(141): CWebApplication->runController('site/index')
#19 /Users/admin/git/Gaudium/Others/Testes/YII-framework/framework/base/CApplication.php(185): CWebApplication->processRequest()
#20 /Users/admin/git/Gaudium/Others/Testes/Vue-3_Yii-1.1.18/backend/index.php(13): CApplication->run()
#21 {main}
REQUEST_URI=/index.php?r=site/index
HTTP_REFERER=http://localhost:8888/index.php?r=passageiro/admin
---
2025/08/12 23:04:20 [error] [exception.CException] CException: Property "SiteController.navigationLinks" is not defined. in /Users/admin/git/Gaudium/Others/Testes/YII-framework/framework/base/CComponent.php:130
Stack trace:
#0 /Users/admin/git/Gaudium/Others/Testes/Vue-3_Yii-1.1.18/backend/protected/views/layouts/main.php(38): CComponent->__get('navigationLinks')
#1 /Users/admin/git/Gaudium/Others/Testes/YII-framework/framework/web/CBaseController.php(126): require('/Users/admin/gi...')
#2 /Users/admin/git/Gaudium/Others/Testes/YII-framework/framework/web/CBaseController.php(95): CBaseController->renderInternal('/Users/admin/gi...', Array, true)
#3 /Users/admin/git/Gaudium/Others/Testes/YII-framework/framework/web/widgets/CContentDecorator.php(76): CBaseController->renderFile('/Users/admin/gi...', Array, true)
#4 /Users/admin/git/Gaudium/Others/Testes/YII-framework/framework/web/widgets/CContentDecorator.php(54): CContentDecorator->decorate('<div id="conten...')
#5 /Users/admin/git/Gaudium/Others/Testes/YII-framework/framework/web/widgets/COutputProcessor.php(44): CContentDecorator->processOutput('<div id="conten...')
#6 /Users/admin/git/Gaudium/Others/Testes/YII-framework/framework/web/CBaseController.php(215): COutputProcessor->run()
#7 /Users/admin/git/Gaudium/Others/Testes/YII-framework/framework/web/CBaseController.php(309): CBaseController->endWidget('CContentDecorat...')
#8 /Users/admin/git/Gaudium/Others/Testes/Vue-3_Yii-1.1.18/backend/protected/views/layouts/column1.php(6): CBaseController->endContent()
#9 /Users/admin/git/Gaudium/Others/Testes/YII-framework/framework/web/CBaseController.php(126): require('/Users/admin/gi...')
#10 /Users/admin/git/Gaudium/Others/Testes/YII-framework/framework/web/CBaseController.php(95): CBaseController->renderInternal('/Users/admin/gi...', Array, true)
#11 /Users/admin/git/Gaudium/Others/Testes/YII-framework/framework/web/CController.php(787): CBaseController->renderFile('/Users/admin/gi...', Array, true)
#12 /Users/admin/git/Gaudium/Others/Testes/Vue-3_Yii-1.1.18/backend/protected/controllers/SiteController.php(32): CController->render('index')
#13 /Users/admin/git/Gaudium/Others/Testes/YII-framework/framework/web/actions/CInlineAction.php(49): SiteController->actionIndex()
#14 /Users/admin/git/Gaudium/Others/Testes/YII-framework/framework/web/CController.php(308): CInlineAction->runWithParams(Array)
#15 /Users/admin/git/Gaudium/Others/Testes/YII-framework/framework/web/CController.php(286): CController->runAction(Object(CInlineAction))
#16 /Users/admin/git/Gaudium/Others/Testes/YII-framework/framework/web/CController.php(265): CController->runActionWithFilters(Object(CInlineAction), Array)
#17 /Users/admin/git/Gaudium/Others/Testes/YII-framework/framework/web/CWebApplication.php(282): CController->run('index')
#18 /Users/admin/git/Gaudium/Others/Testes/YII-framework/framework/web/CWebApplication.php(141): CWebApplication->runController('site/index')
#19 /Users/admin/git/Gaudium/Others/Testes/YII-framework/framework/base/CApplication.php(185): CWebApplication->processRequest()
#20 /Users/admin/git/Gaudium/Others/Testes/Vue-3_Yii-1.1.18/backend/index.php(13): CApplication->run()
#21 {main}
REQUEST_URI=/index.php?r=site/index
HTTP_REFERER=http://localhost:8888/index.php?r=passageiro/admin
---
2025/08/12 23:04:20 [error] [exception.CException] CException: Property "SiteController.navigationLinks" is not defined. in /Users/admin/git/Gaudium/Others/Testes/YII-framework/framework/base/CComponent.php:130
Stack trace:
#0 /Users/admin/git/Gaudium/Others/Testes/Vue-3_Yii-1.1.18/backend/protected/views/layouts/main.php(38): CComponent->__get('navigationLinks')
#1 /Users/admin/git/Gaudium/Others/Testes/YII-framework/framework/web/CBaseController.php(126): require('/Users/admin/gi...')
#2 /Users/admin/git/Gaudium/Others/Testes/YII-framework/framework/web/CBaseController.php(95): CBaseController->renderInternal('/Users/admin/gi...', Array, true)
#3 /Users/admin/git/Gaudium/Others/Testes/YII-framework/framework/web/widgets/CContentDecorator.php(76): CBaseController->renderFile('/Users/admin/gi...', Array, true)
#4 /Users/admin/git/Gaudium/Others/Testes/YII-framework/framework/web/widgets/CContentDecorator.php(54): CContentDecorator->decorate('<div id="conten...')
#5 /Users/admin/git/Gaudium/Others/Testes/YII-framework/framework/web/widgets/COutputProcessor.php(44): CContentDecorator->processOutput('<div id="conten...')
#6 /Users/admin/git/Gaudium/Others/Testes/YII-framework/framework/web/CBaseController.php(215): COutputProcessor->run()
#7 /Users/admin/git/Gaudium/Others/Testes/YII-framework/framework/web/CBaseController.php(309): CBaseController->endWidget('CContentDecorat...')
#8 /Users/admin/git/Gaudium/Others/Testes/Vue-3_Yii-1.1.18/backend/protected/views/layouts/column1.php(6): CBaseController->endContent()
#9 /Users/admin/git/Gaudium/Others/Testes/YII-framework/framework/web/CBaseController.php(126): require('/Users/admin/gi...')
#10 /Users/admin/git/Gaudium/Others/Testes/YII-framework/framework/web/CBaseController.php(95): CBaseController->renderInternal('/Users/admin/gi...', Array, true)
#11 /Users/admin/git/Gaudium/Others/Testes/YII-framework/framework/web/CController.php(787): CBaseController->renderFile('/Users/admin/gi...', Array, true)
#12 /Users/admin/git/Gaudium/Others/Testes/Vue-3_Yii-1.1.18/backend/protected/controllers/SiteController.php(32): CController->render('index')
#13 /Users/admin/git/Gaudium/Others/Testes/YII-framework/framework/web/actions/CInlineAction.php(49): SiteController->actionIndex()
#14 /Users/admin/git/Gaudium/Others/Testes/YII-framework/framework/web/CController.php(308): CInlineAction->runWithParams(Array)
#15 /Users/admin/git/Gaudium/Others/Testes/YII-framework/framework/web/CController.php(286): CController->runAction(Object(CInlineAction))
#16 /Users/admin/git/Gaudium/Others/Testes/YII-framework/framework/web/CController.php(265): CController->runActionWithFilters(Object(CInlineAction), Array)
#17 /Users/admin/git/Gaudium/Others/Testes/YII-framework/framework/web/CWebApplication.php(282): CController->run('index')
#18 /Users/admin/git/Gaudium/Others/Testes/YII-framework/framework/web/CWebApplication.php(141): CWebApplication->runController('site/index')
#19 /Users/admin/git/Gaudium/Others/Testes/YII-framework/framework/base/CApplication.php(185): CWebApplication->processRequest()
#20 /Users/admin/git/Gaudium/Others/Testes/Vue-3_Yii-1.1.18/backend/index.php(13): CApplication->run()
#21 {main}
REQUEST_URI=/index.php?r=site/index
HTTP_REFERER=http://localhost:8888/index.php?r=passageiro/admin
---
2025/08/12 23:04:20 [error] [exception.CException] CException: Property "SiteController.navigationLinks" is not defined. in /Users/admin/git/Gaudium/Others/Testes/YII-framework/framework/base/CComponent.php:130
Stack trace:
#0 /Users/admin/git/Gaudium/Others/Testes/Vue-3_Yii-1.1.18/backend/protected/views/layouts/main.php(38): CComponent->__get('navigationLinks')
#1 /Users/admin/git/Gaudium/Others/Testes/YII-framework/framework/web/CBaseController.php(126): require('/Users/admin/gi...')
#2 /Users/admin/git/Gaudium/Others/Testes/YII-framework/framework/web/CBaseController.php(95): CBaseController->renderInternal('/Users/admin/gi...', Array, true)
#3 /Users/admin/git/Gaudium/Others/Testes/YII-framework/framework/web/widgets/CContentDecorator.php(76): CBaseController->renderFile('/Users/admin/gi...', Array, true)
#4 /Users/admin/git/Gaudium/Others/Testes/YII-framework/framework/web/widgets/CContentDecorator.php(54): CContentDecorator->decorate('<div id="conten...')
#5 /Users/admin/git/Gaudium/Others/Testes/YII-framework/framework/web/widgets/COutputProcessor.php(44): CContentDecorator->processOutput('<div id="conten...')
#6 /Users/admin/git/Gaudium/Others/Testes/YII-framework/framework/web/CBaseController.php(215): COutputProcessor->run()
#7 /Users/admin/git/Gaudium/Others/Testes/YII-framework/framework/web/CBaseController.php(309): CBaseController->endWidget('CContentDecorat...')
#8 /Users/admin/git/Gaudium/Others/Testes/Vue-3_Yii-1.1.18/backend/protected/views/layouts/column1.php(6): CBaseController->endContent()
#9 /Users/admin/git/Gaudium/Others/Testes/YII-framework/framework/web/CBaseController.php(126): require('/Users/admin/gi...')
#10 /Users/admin/git/Gaudium/Others/Testes/YII-framework/framework/web/CBaseController.php(95): CBaseController->renderInternal('/Users/admin/gi...', Array, true)
#11 /Users/admin/git/Gaudium/Others/Testes/YII-framework/framework/web/CController.php(787): CBaseController->renderFile('/Users/admin/gi...', Array, true)
#12 /Users/admin/git/Gaudium/Others/Testes/Vue-3_Yii-1.1.18/backend/protected/controllers/SiteController.php(32): CController->render('index')
#13 /Users/admin/git/Gaudium/Others/Testes/YII-framework/framework/web/actions/CInlineAction.php(49): SiteController->actionIndex()
#14 /Users/admin/git/Gaudium/Others/Testes/YII-framework/framework/web/CController.php(308): CInlineAction->runWithParams(Array)
#15 /Users/admin/git/Gaudium/Others/Testes/YII-framework/framework/web/CController.php(286): CController->runAction(Object(CInlineAction))
#16 /Users/admin/git/Gaudium/Others/Testes/YII-framework/framework/web/CController.php(265): CController->runActionWithFilters(Object(CInlineAction), Array)
#17 /Users/admin/git/Gaudium/Others/Testes/YII-framework/framework/web/CWebApplication.php(282): CController->run('index')
#18 /Users/admin/git/Gaudium/Others/Testes/YII-framework/framework/web/CWebApplication.php(141): CWebApplication->runController('site/index')
#19 /Users/admin/git/Gaudium/Others/Testes/YII-framework/framework/base/CApplication.php(185): CWebApplication->processRequest()
#20 /Users/admin/git/Gaudium/Others/Testes/Vue-3_Yii-1.1.18/backend/index.php(13): CApplication->run()
#21 {main}
REQUEST_URI=/index.php?r=site/index
HTTP_REFERER=http://localhost:8888/index.php?r=passageiro/admin
---
2025/08/12 23:04:24 [error] [exception.CException] CException: Property "SiteController.navigationLinks" is not defined. in /Users/admin/git/Gaudium/Others/Testes/YII-framework/framework/base/CComponent.php:130
Stack trace:
#0 /Users/admin/git/Gaudium/Others/Testes/Vue-3_Yii-1.1.18/backend/protected/views/layouts/main.php(38): CComponent->__get('navigationLinks')
#1 /Users/admin/git/Gaudium/Others/Testes/YII-framework/framework/web/CBaseController.php(126): require('/Users/admin/gi...')
#2 /Users/admin/git/Gaudium/Others/Testes/YII-framework/framework/web/CBaseController.php(95): CBaseController->renderInternal('/Users/admin/gi...', Array, true)
#3 /Users/admin/git/Gaudium/Others/Testes/YII-framework/framework/web/widgets/CContentDecorator.php(76): CBaseController->renderFile('/Users/admin/gi...', Array, true)
#4 /Users/admin/git/Gaudium/Others/Testes/YII-framework/framework/web/widgets/CContentDecorator.php(54): CContentDecorator->decorate('<div id="conten...')
#5 /Users/admin/git/Gaudium/Others/Testes/YII-framework/framework/web/widgets/COutputProcessor.php(44): CContentDecorator->processOutput('<div id="conten...')
#6 /Users/admin/git/Gaudium/Others/Testes/YII-framework/framework/web/CBaseController.php(215): COutputProcessor->run()
#7 /Users/admin/git/Gaudium/Others/Testes/YII-framework/framework/web/CBaseController.php(309): CBaseController->endWidget('CContentDecorat...')
#8 /Users/admin/git/Gaudium/Others/Testes/Vue-3_Yii-1.1.18/backend/protected/views/layouts/column1.php(6): CBaseController->endContent()
#9 /Users/admin/git/Gaudium/Others/Testes/YII-framework/framework/web/CBaseController.php(126): require('/Users/admin/gi...')
#10 /Users/admin/git/Gaudium/Others/Testes/YII-framework/framework/web/CBaseController.php(95): CBaseController->renderInternal('/Users/admin/gi...', Array, true)
#11 /Users/admin/git/Gaudium/Others/Testes/YII-framework/framework/web/CController.php(787): CBaseController->renderFile('/Users/admin/gi...', Array, true)
#12 /Users/admin/git/Gaudium/Others/Testes/Vue-3_Yii-1.1.18/backend/protected/controllers/SiteController.php(32): CController->render('index')
#13 /Users/admin/git/Gaudium/Others/Testes/YII-framework/framework/web/actions/CInlineAction.php(49): SiteController->actionIndex()
#14 /Users/admin/git/Gaudium/Others/Testes/YII-framework/framework/web/CController.php(308): CInlineAction->runWithParams(Array)
#15 /Users/admin/git/Gaudium/Others/Testes/YII-framework/framework/web/CController.php(286): CController->runAction(Object(CInlineAction))
#16 /Users/admin/git/Gaudium/Others/Testes/YII-framework/framework/web/CController.php(265): CController->runActionWithFilters(Object(CInlineAction), Array)
#17 /Users/admin/git/Gaudium/Others/Testes/YII-framework/framework/web/CWebApplication.php(282): CController->run('')
#18 /Users/admin/git/Gaudium/Others/Testes/YII-framework/framework/web/CWebApplication.php(141): CWebApplication->runController('')
#19 /Users/admin/git/Gaudium/Others/Testes/YII-framework/framework/base/CApplication.php(185): CWebApplication->processRequest()
#20 /Users/admin/git/Gaudium/Others/Testes/Vue-3_Yii-1.1.18/backend/index.php(13): CApplication->run()
#21 {main}
REQUEST_URI=/index.php
---
2025/08/12 23:07:55 [error] [exception.CException] CException: Property "SiteController.navigationLinks" is not defined. in /Users/admin/git/Gaudium/Others/Testes/YII-framework/framework/base/CComponent.php:130
Stack trace:
#0 /Users/admin/git/Gaudium/Others/Testes/Vue-3_Yii-1.1.18/backend/protected/views/layouts/main.php(52): CComponent->__get('navigationLinks')
#1 /Users/admin/git/Gaudium/Others/Testes/YII-framework/framework/web/CBaseController.php(126): require('/Users/admin/gi...')
#2 /Users/admin/git/Gaudium/Others/Testes/YII-framework/framework/web/CBaseController.php(95): CBaseController->renderInternal('/Users/admin/gi...', Array, true)
#3 /Users/admin/git/Gaudium/Others/Testes/YII-framework/framework/web/widgets/CContentDecorator.php(76): CBaseController->renderFile('/Users/admin/gi...', Array, true)
#4 /Users/admin/git/Gaudium/Others/Testes/YII-framework/framework/web/widgets/CContentDecorator.php(54): CContentDecorator->decorate('<div id="conten...')
#5 /Users/admin/git/Gaudium/Others/Testes/YII-framework/framework/web/widgets/COutputProcessor.php(44): CContentDecorator->processOutput('<div id="conten...')
#6 /Users/admin/git/Gaudium/Others/Testes/YII-framework/framework/web/CBaseController.php(215): COutputProcessor->run()
#7 /Users/admin/git/Gaudium/Others/Testes/YII-framework/framework/web/CBaseController.php(309): CBaseController->endWidget('CContentDecorat...')
#8 /Users/admin/git/Gaudium/Others/Testes/Vue-3_Yii-1.1.18/backend/protected/views/layouts/column1.php(6): CBaseController->endContent()
#9 /Users/admin/git/Gaudium/Others/Testes/YII-framework/framework/web/CBaseController.php(126): require('/Users/admin/gi...')
#10 /Users/admin/git/Gaudium/Others/Testes/YII-framework/framework/web/CBaseController.php(95): CBaseController->renderInternal('/Users/admin/gi...', Array, true)
#11 /Users/admin/git/Gaudium/Others/Testes/YII-framework/framework/web/CController.php(787): CBaseController->renderFile('/Users/admin/gi...', Array, true)
#12 /Users/admin/git/Gaudium/Others/Testes/Vue-3_Yii-1.1.18/backend/protected/controllers/SiteController.php(32): CController->render('index')
#13 /Users/admin/git/Gaudium/Others/Testes/YII-framework/framework/web/actions/CInlineAction.php(49): SiteController->actionIndex()
#14 /Users/admin/git/Gaudium/Others/Testes/YII-framework/framework/web/CController.php(308): CInlineAction->runWithParams(Array)
#15 /Users/admin/git/Gaudium/Others/Testes/YII-framework/framework/web/CController.php(286): CController->runAction(Object(CInlineAction))
#16 /Users/admin/git/Gaudium/Others/Testes/YII-framework/framework/web/CController.php(265): CController->runActionWithFilters(Object(CInlineAction), Array)
#17 /Users/admin/git/Gaudium/Others/Testes/YII-framework/framework/web/CWebApplication.php(282): CController->run('')
#18 /Users/admin/git/Gaudium/Others/Testes/YII-framework/framework/web/CWebApplication.php(141): CWebApplication->runController('')
#19 /Users/admin/git/Gaudium/Others/Testes/YII-framework/framework/base/CApplication.php(185): CWebApplication->processRequest()
#20 /Users/admin/git/Gaudium/Others/Testes/Vue-3_Yii-1.1.18/backend/index.php(13): CApplication->run()
#21 {main}
REQUEST_URI=/index.php
---
2025/08/12 23:07:56 [error] [exception.CException] CException: Property "SiteController.navigationLinks" is not defined. in /Users/admin/git/Gaudium/Others/Testes/YII-framework/framework/base/CComponent.php:130
Stack trace:
#0 /Users/admin/git/Gaudium/Others/Testes/Vue-3_Yii-1.1.18/backend/protected/views/layouts/main.php(52): CComponent->__get('navigationLinks')
#1 /Users/admin/git/Gaudium/Others/Testes/YII-framework/framework/web/CBaseController.php(126): require('/Users/admin/gi...')
#2 /Users/admin/git/Gaudium/Others/Testes/YII-framework/framework/web/CBaseController.php(95): CBaseController->renderInternal('/Users/admin/gi...', Array, true)
#3 /Users/admin/git/Gaudium/Others/Testes/YII-framework/framework/web/widgets/CContentDecorator.php(76): CBaseController->renderFile('/Users/admin/gi...', Array, true)
#4 /Users/admin/git/Gaudium/Others/Testes/YII-framework/framework/web/widgets/CContentDecorator.php(54): CContentDecorator->decorate('<div id="conten...')
#5 /Users/admin/git/Gaudium/Others/Testes/YII-framework/framework/web/widgets/COutputProcessor.php(44): CContentDecorator->processOutput('<div id="conten...')
#6 /Users/admin/git/Gaudium/Others/Testes/YII-framework/framework/web/CBaseController.php(215): COutputProcessor->run()
#7 /Users/admin/git/Gaudium/Others/Testes/YII-framework/framework/web/CBaseController.php(309): CBaseController->endWidget('CContentDecorat...')
#8 /Users/admin/git/Gaudium/Others/Testes/Vue-3_Yii-1.1.18/backend/protected/views/layouts/column1.php(6): CBaseController->endContent()
#9 /Users/admin/git/Gaudium/Others/Testes/YII-framework/framework/web/CBaseController.php(126): require('/Users/admin/gi...')
#10 /Users/admin/git/Gaudium/Others/Testes/YII-framework/framework/web/CBaseController.php(95): CBaseController->renderInternal('/Users/admin/gi...', Array, true)
#11 /Users/admin/git/Gaudium/Others/Testes/YII-framework/framework/web/CController.php(787): CBaseController->renderFile('/Users/admin/gi...', Array, true)
#12 /Users/admin/git/Gaudium/Others/Testes/Vue-3_Yii-1.1.18/backend/protected/controllers/SiteController.php(32): CController->render('index')
#13 /Users/admin/git/Gaudium/Others/Testes/YII-framework/framework/web/actions/CInlineAction.php(49): SiteController->actionIndex()
#14 /Users/admin/git/Gaudium/Others/Testes/YII-framework/framework/web/CController.php(308): CInlineAction->runWithParams(Array)
#15 /Users/admin/git/Gaudium/Others/Testes/YII-framework/framework/web/CController.php(286): CController->runAction(Object(CInlineAction))
#16 /Users/admin/git/Gaudium/Others/Testes/YII-framework/framework/web/CController.php(265): CController->runActionWithFilters(Object(CInlineAction), Array)
#17 /Users/admin/git/Gaudium/Others/Testes/YII-framework/framework/web/CWebApplication.php(282): CController->run('')
#18 /Users/admin/git/Gaudium/Others/Testes/YII-framework/framework/web/CWebApplication.php(141): CWebApplication->runController('')
#19 /Users/admin/git/Gaudium/Others/Testes/YII-framework/framework/base/CApplication.php(185): CWebApplication->processRequest()
#20 /Users/admin/git/Gaudium/Others/Testes/Vue-3_Yii-1.1.18/backend/index.php(13): CApplication->run()
#21 {main}
REQUEST_URI=/index.php
---
2025/08/12 23:33:54 [error] [exception.CHttpException.404] CHttpException: Unable to resolve the request "passageiroviews". in /Users/admin/git/Gaudium/Others/Testes/YII-framework/framework/web/CWebApplication.php:286
Stack trace:
#0 /Users/admin/git/Gaudium/Others/Testes/YII-framework/framework/web/CWebApplication.php(141): CWebApplication->runController('passageiroviews')
#1 /Users/admin/git/Gaudium/Others/Testes/YII-framework/framework/base/CApplication.php(185): CWebApplication->processRequest()
#2 /Users/admin/git/Gaudium/Others/Testes/Vue-3_Yii-1.1.18/backend/index.php(13): CApplication->run()
#3 {main}
REQUEST_URI=/index.php?r=passageiroviews
HTTP_REFERER=http://localhost:8888/
---
